SQL> select loc from dept where deptno=(select deptno from emp where empno=7902);

LOC                                                                             
-------------                                                                   
DALLAS                                                                          

SQL> select ename, hiredate from emp where deptno=(select deptno fron dept where dname='SALES');
select ename, hiredate from emp where deptno=(select deptno fron dept where dname='SALES')
                                                                 *
ERROR at line 1:
ORA-00923: FROM keyword not found where expected 


SQL> select ename, hiredate from emp where deptno=(select deptno from dept where dname='SALES');

ENAME      HIREDATE                                                             
---------- ---------                                                            
ALLEN      20-FEB-81                                                            
WARD       22-FEB-81                                                            
MARTIN     28-SEP-81                                                            
BLAKE      01-MAY-81                                                            
TURNER     08-SEP-81                                                            
JAMES      03-DEC-81                                                            

6 rows selected.

SQL> select * from emp where deptno=(select deptno from dept where loc='NEW YORK');

     EMPNO ENAME      JOB              MGR HIREDATE         SAL       COMM      
---------- ---------- --------- ---------- --------- ---------- ----------      
    DEPTNO                                                                      
----------                                                                      
      7782 CLARK      MANAGER         7839 09-JUN-81       2450                 
        10                                                                      
                                                                                
      7839 KING       PRESIDENT            17-NOV-81       5000                 
        10                                                                      
                                                                                
      7934 MILLER     CLERK           7782 23-JAN-82       1300                 
        10                                                                      
                                                                                

SQL> select * from dept where deptno in (select deptno from emp where ename like '%R');

    DEPTNO DNAME          LOC                                                   
---------- -------------- -------------                                         
        10 ACCOUNTING     NEW YORK                                              
        30 SALES          CHICAGO                                               

SQL> SELECT DNAME FROM DEPT WHERE DEPTNO IN (SELECT DEPTNO FROM EMP WHERE JOB = 'PRESIDENT');

DNAME                                                                           
--------------                                                                  
ACCOUNTING                                                                      

SQL> SELCT ENAME,SAL FROM EMP WHERE SAL>3000 AND DEPTNO (SELECT DEPTNO FROM DEPT WHERE DNAME='ACCOUNTING');
SP2-0734: unknown command beginning "SELCT ENAM..." - rest of line ignored.
SQL> SELECT  ENAME,SAL FROM EMP WHERE SAL>3000 AND DEPTNO (SELECT DEPTNO FROM DEPT WHERE DNAME='ACCOUNTING');
SELECT  ENAME,SAL FROM EMP WHERE SAL>3000 AND DEPTNO (SELECT DEPTNO FROM DEPT WHERE DNAME='ACCOUNTING')
                                                      *
ERROR at line 1:
ORA-00936: missing expression 


SQL> SELECT  ENAME,SAL FROM EMP WHERE SAL>3000 AND DEPTNO IN(SELECT DEPTNO FROM DEPT WHERE DNAME='ACCOUNTING');

ENAME             SAL                                                           
---------- ----------                                                           
KING             5000                                                           

SQL> SELECT ENAME  FROM EMP WHERE SAL>(SELECT SAL FROM EMP WHERE ENAME='SCOTT') AND DEPTNO (SELECT DEPTNO FROM DEPT WHERE DNAME='SALES');
SELECT ENAME  FROM EMP WHERE SAL>(SELECT SAL FROM EMP WHERE ENAME='SCOTT') AND DEPTNO (SELECT DEPTNO FROM DEPT WHERE DNAME='SALES')
                                                                                       *
ERROR at line 1:
ORA-00936: missing expression 


SQL> SELECT ENAME  FROM EMP WHERE SAL>(SELECT SAL FROM EMP WHERE ENAME='SCOTT') AND DEPTNO IN (SELECT DEPTNO FROM DEPT WHERE DNAME='SALES');

no rows selected

SQL> SELECT * FROM EMP WHERE JOB='MANAGER' AND DEPTNO IN(SELECT DEPTNO FROM DEPTNO FROM DEPT WHERE  LOC ='CHICAGO');
SELECT * FROM EMP WHERE JOB='MANAGER' AND DEPTNO IN(SELECT DEPTNO FROM DEPTNO FROM DEPT WHERE  LOC ='CHICAGO')
                                                                              *
ERROR at line 1:
ORA-00907: missing right parenthesis 


SQL>     SPOOLVSLEVT 7BILPE78W/SELCY ENMAANR
SP2-0734: unknown command beginning "SPOOLVSLEV..." - rest of line ignored.
SQL>   SPOOL OFF
